###############################################################################
#
# IAR ELF Linker V8.32.2.178/W32 for ARM                  06/Mar/2019  22:30:13
# Copyright 2007-2018 IAR Systems AB.
#
#    Output file  =  
#        C:\ti\TivaWare_C_Series-2.1.4.178\examples\boards\ek-tm4c123gxl2\freertos_demo\ewarm\Exe\freertos_demo.out
#    Map file     =  
#        C:\ti\TivaWare_C_Series-2.1.4.178\examples\boards\ek-tm4c123gxl2\freertos_demo\ewarm\List\freertos_demo.map
#    Command line =  
#        -f C:\Users\10737\AppData\Local\Temp\EW3B83.tmp
#        (C:\ti\TivaWare_C_Series-2.1.4.178\examples\boards\ek-tm4c123gxl2\freertos_demo\ewarm\Obj\breakout.o
#        C:\ti\TivaWare_C_Series-2.1.4.178\examples\boards\ek-tm4c123gxl2\freertos_demo\ewarm\Obj\buttons.o
#        C:\ti\TivaWare_C_Series-2.1.4.178\examples\boards\ek-tm4c123gxl2\freertos_demo\ewarm\Obj\car_control_task.o
#        C:\ti\TivaWare_C_Series-2.1.4.178\driverlib\ewarm\Exe\driverlib.a
#        C:\ti\TivaWare_C_Series-2.1.4.178\examples\boards\ek-tm4c123gxl2\freertos_demo\ewarm\Obj\freertos_demo.o
#        C:\ti\TivaWare_C_Series-2.1.4.178\examples\boards\ek-tm4c123gxl2\freertos_demo\ewarm\Obj\heap_2.o
#        C:\ti\TivaWare_C_Series-2.1.4.178\examples\boards\ek-tm4c123gxl2\freertos_demo\ewarm\Obj\led_task.o
#        C:\ti\TivaWare_C_Series-2.1.4.178\examples\boards\ek-tm4c123gxl2\freertos_demo\ewarm\Obj\list.o
#        C:\ti\TivaWare_C_Series-2.1.4.178\examples\boards\ek-tm4c123gxl2\freertos_demo\ewarm\Obj\port.o
#        C:\ti\TivaWare_C_Series-2.1.4.178\examples\boards\ek-tm4c123gxl2\freertos_demo\ewarm\Obj\portasm.o
#        C:\ti\TivaWare_C_Series-2.1.4.178\examples\boards\ek-tm4c123gxl2\freertos_demo\ewarm\Obj\queue.o
#        C:\ti\TivaWare_C_Series-2.1.4.178\examples\boards\ek-tm4c123gxl2\freertos_demo\ewarm\Obj\rgb.o
#        C:\ti\TivaWare_C_Series-2.1.4.178\examples\boards\ek-tm4c123gxl2\freertos_demo\ewarm\Obj\sleep.o
#        C:\ti\TivaWare_C_Series-2.1.4.178\examples\boards\ek-tm4c123gxl2\freertos_demo\ewarm\Obj\SSD2119.o
#        C:\ti\TivaWare_C_Series-2.1.4.178\examples\boards\ek-tm4c123gxl2\freertos_demo\ewarm\Obj\startup_ewarm.o
#        C:\ti\TivaWare_C_Series-2.1.4.178\examples\boards\ek-tm4c123gxl2\freertos_demo\ewarm\Obj\switch_task.o
#        C:\ti\TivaWare_C_Series-2.1.4.178\examples\boards\ek-tm4c123gxl2\freertos_demo\ewarm\Obj\tasks.o
#        C:\ti\TivaWare_C_Series-2.1.4.178\examples\boards\ek-tm4c123gxl2\freertos_demo\ewarm\Obj\uartstdio.o
#        C:\ti\TivaWare_C_Series-2.1.4.178\examples\boards\ek-tm4c123gxl2\freertos_demo\ewarm\Obj\ustdlib.o
#        --redirect _Printf=_PrintfTiny --redirect _Scanf=_ScanfSmallNoMb
#        --no_out_extension -o
#        C:\ti\TivaWare_C_Series-2.1.4.178\examples\boards\ek-tm4c123gxl2\freertos_demo\ewarm\Exe\freertos_demo.out
#        --map
#        C:\ti\TivaWare_C_Series-2.1.4.178\examples\boards\ek-tm4c123gxl2\freertos_demo\ewarm\List\freertos_demo.map
#        --config
#        C:\ti\TivaWare_C_Series-2.1.4.178\examples\boards\ek-tm4c123gxl2\freertos_demo\freertos_demo.icf
#        --semihosting --entry __iar_program_start --vfe --text_out locale)
#
###############################################################################

*******************************************************************************
*** MESSAGES
***

Warning[Lt009]: Inconsistent wchar_t size
            uart.o(driverlib.a) and 3 other objects in driverlib.a have wchar_t
                      size 16 bits
            breakout.o and 30 other objects, some of them in dl7M_tln.a and 11
                      other libraries have wchar_t size 32 bits


*******************************************************************************
*** RUNTIME MODEL ATTRIBUTES
***

CppFlavor       = *
__SystemLibrary = DLib
__dlib_version  = 6


*******************************************************************************
*** HEAP SELECTION
***

The basic heap was selected because some modules are built with
size limitations (and not runtime checking), and --advanced_heap
was not specified.


*******************************************************************************
*** PLACEMENT SUMMARY
***

"A0":  place at start of [from 0x0 to 0x3'ffff] { ro section .intvec };
"P1":  place in [from 0x0 to 0x3'ffff] { ro };
define block HEAP with size = 0M, alignment = 8 { };
"P2":  place in [from 0x2000'0000 to 0x2000'7fff] { rw, block HEAP };
do not initialize { section .noinit };
initialize by copy { rw };

No sections matched the following patterns:

  section VTABLE  in "A1"


  Section            Kind         Address    Size  Object
  -------            ----         -------    ----  ------
"A0":                                       0x26c
  .intvec            const            0x0   0x26c  startup_ewarm.o [1]
                                  - 0x26c   0x26c

"P1":                                      0x1c23
  .text              ro code        0x26c   0x6c0  SSD2119.o [1]
  .text              ro code        0x92c   0x594  tasks.o [1]
  .text              ro code        0xec0   0x198  port.o [1]
  .text              ro code       0x1058    0x90  list.o [1]
  .text              ro code       0x10e8    0x30  freertos_demo.o [1]
  .text              ro code       0x1118    0xe4  heap_2.o [1]
  .text              ro code       0x11fc    0x3a  ABImemset48.o [5]
  .text              ro code       0x1236    0x7a  lz77_init_single.o [5]
  .text              ro code       0x12b0    0x28  port.o [1]
  CODE               ro code       0x12d8    0xa8  portasm.o [1]
  .text              ro code       0x1380   0x510  breakout.o [1]
  .text              ro code       0x1890   0x208  car_control_task.o [1]
  .text              ro code       0x1a98    0xa4  rand.o [2]
  .text              ro code       0x1b3c    0xc4  queue.o [1]
  .text              ro code       0x1c00    0x3a  zero_init3.o [5]
  .text              ro code       0x1c3c    0x28  data_init.o [5]
  .text              ro code       0x1c64    0x22  fpinit_M.o [4]
  .iar.init_table    const         0x1c88    0x20  - Linker created -
  .text              ro code       0x1ca8    0x1e  cmain.o [5]
  .text              ro code       0x1cc6     0x4  low_level_init.o [2]
  .text              ro code       0x1cca     0x4  exit.o [2]
  .text              ro code       0x1cd0     0xa  cexit.o [5]
  .text              ro code       0x1cdc    0x14  exit.o [6]
  .text              ro code       0x1cf0    0x1a  startup_ewarm.o [1]
  .text              ro code       0x1d0a     0xc  cstartup_M.o [5]
  .rodata            const         0x1d16     0x0  zero_init3.o [5]
  .rodata            const         0x1d16     0x0  lz77_init_single.o [5]
  Initializer bytes  const         0x1d16   0x179  <for P2-1>
                                 - 0x1e8f  0x1c23

"P2", part 1 of 3:                         0x759c
  P2-1                        0x2000'0000  0x759c  <Init block>
    .data            inited   0x2000'0000    0x44  breakout.o [1]
    .data            inited   0x2000'0044     0x4  freertos_demo.o [1]
    .data            inited   0x2000'0048  0x7548  heap_2.o [1]
    .data            inited   0x2000'7590     0x4  port.o [1]
    .data            inited   0x2000'7594     0x8  rand.o [2]
                            - 0x2000'759c  0x759c

"P2", part 2 of 3:                          0x3bc
  .bss               zero     0x2000'759c   0x140  breakout.o [1]
  .bss               zero     0x2000'76dc   0x140  tasks.o [1]
  .bss               zero     0x2000'781c    0x9c  tasks.o [1]
  .bss               zero     0x2000'78b8    0x84  rand.o [2]
  .bss               zero     0x2000'793c     0xc  port.o [1]
  .bss               zero     0x2000'7948     0x6  SSD2119.o [1]
  .bss               zero     0x2000'7950     0x4  breakout.o [1]
  .bss               zero     0x2000'7954     0x4  SSD2119.o [1]
                            - 0x2000'7958   0x3bc

"P2", part 3 of 3:                          0x200
  .noinit            uninit   0x2000'7958   0x200  startup_ewarm.o [1]
                            - 0x2000'7b58   0x200

Unused ranges:

         From           To      Size
         ----           --      ----
       0x1e8f     0x3'ffff  0x3'e171
  0x2000'7b58  0x2000'7fff     0x4a8


*******************************************************************************
*** INIT TABLE
***

          Address      Size
          -------      ----
Zero (__iar_zero_init3)
    1 destination range, total size 0x3bc:
          0x2000'759c   0x3bc

Copy/lz77 (__iar_lz77_init_single3)
    1 source range, total size 0x179 (1% of destination):
               0x1d16   0x179
    1 destination range, total size 0x759c:
          0x2000'0000  0x759c



*******************************************************************************
*** MODULE SUMMARY
***

    Module              ro code  ro data  rw data
    ------              -------  -------  -------
command line/config:
    ---------------------------------------------
    Total:

C:\ti\TivaWare_C_Series-2.1.4.178\examples\boards\ek-tm4c123gxl2\freertos_demo\ewarm\Obj: [1]
    SSD2119.o             1 728                10
    breakout.o            1 296               392
    car_control_task.o      520
    freertos_demo.o          48                 4
    heap_2.o                228      376   30 024
    list.o                  144
    port.o                  448                16
    portasm.o               168
    queue.o                 196
    startup_ewarm.o          26      620      512
    tasks.o               1 428               476
    ---------------------------------------------
    Total:                6 230      996   31 434

dl7M_tln.a: [2]
    exit.o                    4
    low_level_init.o          4
    rand.o                  164        1      140
    ---------------------------------------------
    Total:                  172        1      140

driverlib.a: [3]
    ---------------------------------------------
    Total:

m7M_tls.a: [4]
    fpinit_M.o               34
    ---------------------------------------------
    Total:                   34

rt7M_tl.a: [5]
    ABImemset48.o            58
    cexit.o                  10
    cmain.o                  30
    cstartup_M.o             12
    data_init.o              40
    lz77_init_single.o      122
    zero_init3.o             58
    ---------------------------------------------
    Total:                  330

shb_l.a: [6]
    exit.o                   20
    ---------------------------------------------
    Total:                   20

    Gaps                      6        2        2
    Linker created                    32
-------------------------------------------------
    Grand Total:          6 792    1 031   31 576


*******************************************************************************
*** ENTRY LIST
***

Entry                       Address    Size  Type      Object
-----                       -------    ----  ----      ------
.iar.init_table$$Base        0x1c88           --   Gb  - Linker created -
.iar.init_table$$Limit       0x1ca8           --   Gb  - Linker created -
?main                        0x1ca9          Code  Gb  cmain.o [5]
ADC_Init                      0x649    0x5e  Code  Gb  SSD2119.o [1]
ADC_Read                      0x6b1    0x1a  Code  Gb  SSD2119.o [1]
ADC_SetChannel                0x6cb    0x28  Code  Gb  SSD2119.o [1]
BounceBlock                  0x14ab    0x3e  Code  Gb  breakout.o [1]
BouncePaddle                 0x1485    0x26  Code  Gb  breakout.o [1]
BreakoutTask                 0x15df   0x212  Code  Lc  breakout.o [1]
BreakoutTaskInit             0x1825    0x34  Code  Gb  breakout.o [1]
CarControlTask               0x1891    0xba  Code  Lc  car_control_task.o [1]
CarControlTaskInit           0x1a21    0x28  Code  Gb  car_control_task.o [1]
FaultISR                     0x1d07     0x2  Code  Lc  startup_ewarm.o [1]
IntDefaultHandler            0x1d09     0x2  Code  Lc  startup_ewarm.o [1]
LCD_DrawFilledCircle          0x54d    0xbc  Code  Gb  SSD2119.o [1]
LCD_DrawFilledRect            0x4fd    0x44  Code  Gb  SSD2119.o [1]
LCD_DrawPixel                 0x4d5    0x28  Code  Gb  SSD2119.o [1]
LCD_GPIOInit                  0x26d    0x56  Code  Gb  SSD2119.o [1]
LCD_Init                      0x32d   0x17e  Code  Gb  SSD2119.o [1]
LCD_SetTextColor              0x4c7     0xe  Code  Gb  SSD2119.o [1]
LCD_WriteCommand              0x2c3    0x26  Code  Gb  SSD2119.o [1]
LCD_WriteData                 0x2e9    0x24  Code  Gb  SSD2119.o [1]
NmiSR                        0x1d05     0x2  Code  Lc  startup_ewarm.o [1]
PortF_Init                   0x1381    0x36  Code  Gb  breakout.o [1]
Region$$Table$$Base          0x1c88           --   Gb  - Linker created -
Region$$Table$$Limit         0x1ca8           --   Gb  - Linker created -
ResetISR                     0x1cf1     0xe  Code  Gb  startup_ewarm.o [1]
SwitchTo                     0x1573    0x6c  Code  Gb  breakout.o [1]
Touch_Init                    0x619    0x30  Code  Gb  SSD2119.o [1]
Touch_ReadX                   0x6f3    0xaa  Code  Gb  SSD2119.o [1]
Touch_ReadY                   0x79d    0x9e  Code  Gb  SSD2119.o [1]
Touch_ReadZ1                  0x841    0x3c  Code  Gb  SSD2119.o [1]
Touch_XVal              0x2000'7954     0x2  Data  Gb  SSD2119.o [1]
Touch_YVal              0x2000'7956     0x2  Data  Gb  SSD2119.o [1]
UART4_16MHz_Init             0x1961    0x5c  Code  Gb  car_control_task.o [1]
_Rand_idx               0x2000'7938     0x4  Data  Lc  rand.o [2]
_Rand_rv                0x2000'78b8    0x80  Data  Lc  rand.o [2]
_Randinit               0x2000'7594     0x1  Data  Gb  rand.o [2]
_Randseed               0x2000'7598     0x4  Data  Gb  rand.o [2]
__aeabi_memset4              0x11fd          Code  Gb  ABImemset48.o [5]
__aeabi_memset8              0x11fd          Code  Gb  ABImemset48.o [5]
__cmain                      0x1ca9          Code  Gb  cmain.o [5]
__exit                       0x1cdd    0x14  Code  Gb  exit.o [6]
__iar_Memset4_word           0x1205          Code  Gb  ABImemset48.o [5]
__iar_Memset8_word           0x1205          Code  Gb  ABImemset48.o [5]
__iar_data_init3             0x1c3d    0x28  Code  Gb  data_init.o [5]
__iar_init_vfp               0x1c65          Code  Gb  fpinit_M.o [4]
__iar_lz77_init_single3
                             0x1237    0x7a  Code  Gb  lz77_init_single.o [5]
__iar_program_start          0x1d0b          Code  Gb  cstartup_M.o [5]
__iar_zero_init3             0x1c01    0x3a  Code  Gb  zero_init3.o [5]
__low_level_init             0x1cc7     0x4  Code  Gb  low_level_init.o [2]
__vector_table                  0x0   0x26c  Data  Gb  startup_ewarm.o [1]
_call_main                   0x1cb5          Code  Gb  cmain.o [5]
_exit                        0x1cd1          Code  Gb  cexit.o [5]
_main                        0x1cc3          Code  Gb  cmain.o [5]
abs                           0x4bf     0x8  Code  Gb  SSD2119.o [1]
arr_block               0x2000'759c   0x140  Data  Gb  breakout.o [1]
ballx                   0x2000'0018     0x4  Data  Gb  breakout.o [1]
bally                   0x2000'001c     0x4  Data  Gb  breakout.o [1]
blockx                  0x2000'0034     0x4  Data  Gb  breakout.o [1]
blocky                  0x2000'0038     0x4  Data  Gb  breakout.o [1]
car_init                     0x19bd    0x62  Code  Gb  car_control_task.o [1]
convertColor                  0x4af    0x10  Code  Gb  SSD2119.o [1]
count                   0x2000'0040     0x4  Data  Gb  breakout.o [1]
cursorX                 0x2000'7948     0x2  Data  Gb  SSD2119.o [1]
cursorY                 0x2000'794a     0x2  Data  Gb  SSD2119.o [1]
drawBlocks                   0x14e9    0x8a  Code  Gb  breakout.o [1]
eTaskConfirmSleepModeStatus
                              0xda3    0x24  Code  Gb  tasks.o [1]
exit                         0x1ccb     0x4  Code  Gb  exit.o [2]
g_pBreakQueue           0x2000'7950     0x4  Data  Gb  breakout.o [1]
keepPlaying             0x2000'0044     0x4  Data  Gb  freertos_demo.o [1]
main                         0x10eb    0x22  Code  Gb  freertos_demo.o [1]
moveBall                     0x13b7    0x38  Code  Gb  breakout.o [1]
movePaddleLeft               0x13ef    0x44  Code  Gb  breakout.o [1]
movePaddleRight              0x1433    0x42  Code  Gb  breakout.o [1]
padx                    0x2000'0010     0x4  Data  Gb  breakout.o [1]
pady                    0x2000'0014     0x4  Data  Gb  breakout.o [1]
pause                   0x2000'003c     0x4  Data  Gb  breakout.o [1]
points                  0x2000'002c     0x4  Data  Gb  breakout.o [1]
prevballx               0x2000'0000     0x4  Data  Gb  breakout.o [1]
prevbally               0x2000'0004     0x4  Data  Gb  breakout.o [1]
prevpadx                0x2000'0008     0x4  Data  Gb  breakout.o [1]
prevpady                0x2000'000c     0x4  Data  Gb  breakout.o [1]
prvAddCurrentTaskToDelayedList
                              0xe17    0x32  Code  Lc  tasks.o [1]
prvAllocateTCBAndStack        0xe49    0x38  Code  Lc  tasks.o [1]
prvGetExpectedIdleTime        0xae9    0x20  Code  Lc  tasks.o [1]
prvIdleTask                   0xd39    0x6a  Code  Lc  tasks.o [1]
prvInitialiseTCBVariables
                              0xdc7    0x50  Code  Lc  tasks.o [1]
prvResetNextTaskUnblockTime
                              0xe81    0x1a  Code  Lc  tasks.o [1]
prvTaskExitError              0xee5    0x10  Code  Lc  port.o [1]
pui32Stack              0x2000'7958   0x200  Data  Lc  startup_ewarm.o [1]
pvPortMalloc                 0x1119    0xaa  Code  Gb  heap_2.o [1]
pvPortMalloc::xHeapHasBeenInitialised
                        0x2000'005c     0x4  Data  Lc  heap_2.o [1]
pxCurrentTCB            0x2000'7844     0x4  Data  Gb  tasks.o [1]
pxDelayedTaskList       0x2000'7848     0x4  Data  Lc  tasks.o [1]
pxOverflowDelayedTaskList
                        0x2000'784c     0x4  Data  Lc  tasks.o [1]
pxPortInitialiseStack         0xec1    0x22  Code  Gb  port.o [1]
pxReadyTasksLists       0x2000'76dc   0x140  Data  Lc  tasks.o [1]
rand                         0x1a99    0x94  Code  Gb  rand.o [2]
start                   0x2000'0030     0x4  Data  Gb  breakout.o [1]
temp                    0x2000'0028     0x4  Data  Gb  breakout.o [1]
textColor               0x2000'794c     0x2  Data  Gb  SSD2119.o [1]
ucHeap                  0x2000'0060  0x7530  Data  Lc  heap_2.o [1]
ulStoppedTimerCompensation
                        0x2000'7944     0x4  Data  Lc  port.o [1]
ulTimerCountsForOneTick
                        0x2000'793c     0x4  Data  Lc  port.o [1]
uxCriticalNesting       0x2000'7590     0x4  Data  Lc  port.o [1]
uxCurrentNumberOfTasks  0x2000'7868     0x4  Data  Lc  tasks.o [1]
uxListRemove                 0x10c5    0x24  Code  Gb  list.o [1]
uxPendedTicks           0x2000'7878     0x4  Data  Lc  tasks.o [1]
uxSchedulerSuspended    0x2000'788c     0x4  Data  Lc  tasks.o [1]
uxTaskNumber            0x2000'7884     0x4  Data  Lc  tasks.o [1]
uxTasksDeleted          0x2000'7850     0x4  Data  Lc  tasks.o [1]
uxTopReadyPriority      0x2000'7870     0x4  Data  Lc  tasks.o [1]
vApplicationStackOverflowHook
                             0x10e9     0x2  Code  Gb  freertos_demo.o [1]
vListInitialise              0x1059    0x1a  Code  Gb  list.o [1]
vListInitialiseItem          0x1073     0x6  Code  Gb  list.o [1]
vListInsert                  0x1093    0x32  Code  Gb  list.o [1]
vListInsertEnd               0x1079    0x1a  Code  Gb  list.o [1]
vPortEnableVFP               0x1365          Code  Gb  portasm.o [1]
vPortEnterCritical            0xf29    0x18  Code  Gb  port.o [1]
vPortExitCritical             0xf41    0x10  Code  Gb  port.o [1]
vPortFree                    0x11c3    0x36  Code  Gb  heap_2.o [1]
vPortSVCHandler              0x1331          Code  Gb  portasm.o [1]
vPortStartFirstTask          0x134d          Code  Gb  portasm.o [1]
vPortSuppressTicksAndSleep
                              0xf89    0xd0  Code  Wk  port.o [1]
vTaskDelay                    0xa33    0x34  Code  Gb  tasks.o [1]
vTaskStartScheduler           0xa85    0x44  Code  Gb  tasks.o [1]
vTaskStepTick                 0xba1     0xc  Code  Gb  tasks.o [1]
vTaskSuspendAll               0xadd     0xc  Code  Gb  tasks.o [1]
vTaskSwitchContext            0xc5d    0x72  Code  Gb  tasks.o [1]
vx                      0x2000'0020     0x4  Data  Gb  breakout.o [1]
vy                      0x2000'0024     0x4  Data  Gb  breakout.o [1]
xDelayedTaskList1       0x2000'7890    0x14  Data  Lc  tasks.o [1]
xDelayedTaskList2       0x2000'78a4    0x14  Data  Lc  tasks.o [1]
xEnd                    0x2000'0050     0x8  Data  Lc  heap_2.o [1]
xFreeBytesRemaining     0x2000'0058     0x4  Data  Lc  heap_2.o [1]
xMaximumPossibleSuppressedTicks
                        0x2000'7940     0x4  Data  Lc  port.o [1]
xNextTaskUnblockTime    0x2000'7888     0x4  Data  Lc  tasks.o [1]
xNumOfOverflows         0x2000'7880     0x4  Data  Lc  tasks.o [1]
xPendingReadyList       0x2000'781c    0x14  Data  Lc  tasks.o [1]
xPortPendSVHandler           0x12d9          Code  Gb  portasm.o [1]
xPortStartScheduler           0xef5    0x34  Code  Gb  port.o [1]
xPortSysTickHandler           0xf51    0x26  Code  Gb  port.o [1]
xQueueGenericCreate          0x1bab    0x44  Code  Gb  queue.o [1]
xQueueGenericReset           0x1b3d    0x6e  Code  Gb  queue.o [1]
xSchedulerRunning       0x2000'7874     0x4  Data  Lc  tasks.o [1]
xStart                  0x2000'0048     0x8  Data  Lc  heap_2.o [1]
xSuspendedTaskList      0x2000'7854    0x14  Data  Lc  tasks.o [1]
xTaskGenericCreate            0x92d   0x106  Code  Gb  tasks.o [1]
xTaskIncrementTick            0xbad    0xb0  Code  Gb  tasks.o [1]
xTaskRemoveFromEventList
                              0xcdf    0x54  Code  Gb  tasks.o [1]
xTaskResumeAll                0xb09    0x98  Code  Gb  tasks.o [1]
xTasksWaitingTermination
                        0x2000'7830    0x14  Data  Lc  tasks.o [1]
xTickCount              0x2000'786c     0x4  Data  Lc  tasks.o [1]
xYieldPending           0x2000'787c     0x4  Data  Lc  tasks.o [1]


[1] = C:\ti\TivaWare_C_Series-2.1.4.178\examples\boards\ek-tm4c123gxl2\freertos_demo\ewarm\Obj
[2] = dl7M_tln.a
[3] = driverlib.a
[4] = m7M_tls.a
[5] = rt7M_tl.a
[6] = shb_l.a

   6 792 bytes of readonly  code memory
   1 031 bytes of readonly  data memory
  31 576 bytes of readwrite data memory

Errors: none
Warnings: 1
